WARNING: Position Membre del Consell General d'Andora (Q20177831) not in boundary associated_wikidata_positions
WARNING: Position Membre del Consell General d'Andora (Q20177831) not in boundary associated_wikidata_positions
WARNING: Position Membre del Consell General d'Andora (Q20177831) not in boundary associated_wikidata_positions
WARNING: Position Membre del Consell General d'Andora (Q20177831) not in boundary associated_wikidata_positions
WARNING: Position Membre del Consell General d'Andora (Q20177831) not in boundary associated_wikidata_positions
WARNING: Position Membre del Consell General d'Andora (Q20177831) not in boundary associated_wikidata_positions
WARNING: Position Membre del Consell General d'Andora (Q20177831) not in boundary associated_wikidata_positions
WARNING: Position Membre del Consell General d'Andora (Q20177831) not in boundary associated_wikidata_positions
